// Vitest Snapshot v1, https://vitest.dev/guide/snapshot.html

exports[`TodoApp.vue > snapshot 1`] = `
"<section class="todoapp">
  <todo-header-stub></todo-header-stub><!-- This section should be hidden by default and shown when there are todos -->
  <section class="main"><input data-testid="toggle-all" id="toggle-all" class="toggle-all" type="checkbox"><label for="toggle-all">Mark all as complete</label>
    <ul class="todo-list">
      <!-- These are here just to show the structure of the list items -->
      <!-- List items should get the class \`editing\` when editing and \`completed\` when marked as completed -->
      <todo-item-stub todo="[object Object]"></todo-item-stub>
    </ul>
  </section><!-- This footer should be hidden by default and shown when there are todos -->
  <todo-footer-stub todos="[object Object],[object Object],[object Object]"></todo-footer-stub>
</section>"
`;
